....................................................................................................................................................................................................................................................................................................................................................................................................................................................................................................................................................................................................................................................*.....*......Status: completed, API Response: true
Tracks count: 2
Track statuses: completed, completed
............................*......................................................................................................../home/vscode/.local/share/mise/installs/ruby/3.4.5/lib/ruby/gems/3.4.0/gems/rspec-rails-8.0.2/lib/rspec/rails/matchers/have_http_status.rb:219: warning: Status code :unprocessable_entity is deprecated and will be removed in a future version of Rack. Please use :unprocessable_content instead.
.............................................../home/vscode/.local/share/mise/installs/ruby/3.4.5/lib/ruby/gems/3.4.0/gems/devise-4.9.4/lib/devise/failure_app.rb:80: warning: Status code :unprocessable_entity is deprecated and will be removed in a future version of Rack. Please use :unprocessable_content instead.
/home/vscode/.local/share/mise/installs/ruby/3.4.5/lib/ruby/gems/3.4.0/gems/rspec-rails-8.0.2/lib/rspec/rails/matchers/have_http_status.rb:219: warning: Status code :unprocessable_entity is deprecated and will be removed in a future version of Rack. Please use :unprocessable_content instead.
./home/vscode/.local/share/mise/installs/ruby/3.4.5/lib/ruby/gems/3.4.0/gems/devise-4.9.4/lib/devise/failure_app.rb:80: warning: Status code :unprocessable_entity is deprecated and will be removed in a future version of Rack. Please use :unprocessable_content instead.
/home/vscode/.local/share/mise/installs/ruby/3.4.5/lib/ruby/gems/3.4.0/gems/rspec-rails-8.0.2/lib/rspec/rails/matchers/have_http_status.rb:219: warning: Status code :unprocessable_entity is deprecated and will be removed in a future version of Rack. Please use :unprocessable_content instead.
..................................................................................................................................................................................F............/home/vscode/.local/share/mise/installs/ruby/3.4.5/lib/ruby/gems/3.4.0/gems/devise-4.9.4/lib/devise/failure_app.rb:80: warning: Status code :unprocessable_entity is deprecated and will be removed in a future version of Rack. Please use :unprocessable_content instead.
..F