---
http_interactions:
- request:
    method: post
    uri: https://api.kie.ai/api/v1/generate
    body:
      encoding: UTF-8
      string: '{"prompt":"Relaxing lo-fi hip hop beat with soft piano","model":"v3.5","wait_audio":false,"callBackUrl":"https://lofi-bgm-not-exist-server.com/callback"}'
    headers:
      Authorization:
      - Bearer <KIE_AI_API_KEY>
      Content-Type:
      - application/json
      Accept:
      - application/json
      Accept-Encoding:
      - gzip;q=1.0,deflate;q=0.6,identity;q=0.3
      User-Agent:
      - Ruby
  response:
    status:
      code: 200
      message: OK
    headers:
      Date:
      - Sun, 07 Sep 2025 14:00:14 GMT
      Content-Type:
      - application/json;charset=UTF-8
      Transfer-Encoding:
      - chunked
      Connection:
      - keep-alive
      Server:
      - cloudflare
      Nel:
      - '{"report_to":"cf-nel","success_fraction":0.0,"max_age":604800}'
      Cf-Cache-Status:
      - DYNAMIC
      Report-To:
      - '{"group":"cf-nel","max_age":604800,"endpoints":[{"url":"https://a.nel.cloudflare.com/report/v4?s=uhFbDlxki%2FL1msDha5d1ei0TQPmdso82nRAV3RBS62AzqfzkgN1zccY2UdDUuSS9F%2BPBACVrM5S2NK%2Fq%2BZa5CmPnHG75bAeQSQ%3D%3D"}]}'
      Set-Cookie:
      - JSESSIONID=3464BD95C2ADFE994AE58355C2D3DB7F; HttpOnly; Path=/
      Cf-Ray:
      - 97b6bb30dcae8536-HKG
    body:
      encoding: ASCII-8BIT
      string: '{"code":422,"msg":"model error","data":null}'
  recorded_at: Sun, 07 Sep 2025 14:00:15 GMT
- request:
    method: post
    uri: https://api.kie.ai/api/v1/generate
    body:
      encoding: UTF-8
      string: '{"prompt":"Relaxing lo-fi hip hop beat with soft piano","model":"v3.5","wait_audio":false,"customMode":false,"callBackUrl":"https://lofi-bgm-not-exist-server.com/callback"}'
    headers:
      Authorization:
      - Bearer <KIE_AI_API_KEY>
      Content-Type:
      - application/json
      Accept:
      - application/json
      Accept-Encoding:
      - gzip;q=1.0,deflate;q=0.6,identity;q=0.3
      User-Agent:
      - Ruby
  response:
    status:
      code: 200
      message: OK
    headers:
      Date:
      - Sun, 07 Sep 2025 14:00:53 GMT
      Content-Type:
      - application/json;charset=UTF-8
      Transfer-Encoding:
      - chunked
      Connection:
      - keep-alive
      Server:
      - cloudflare
      Nel:
      - '{"report_to":"cf-nel","success_fraction":0.0,"max_age":604800}'
      Cf-Cache-Status:
      - DYNAMIC
      Report-To:
      - '{"group":"cf-nel","max_age":604800,"endpoints":[{"url":"https://a.nel.cloudflare.com/report/v4?s=rPXfkZH8lYgPOHLyhShSnK7snujNQP1nADsdP3RUcy9Km30JxSKTqaE1m1HLn8rI54e87NVk3uHqrs%2FCDfCwOMg0ElP5VgKHsA%3D%3D"}]}'
      Set-Cookie:
      - JSESSIONID=BF38CF8463590A1D810BEAB981AA98D5; HttpOnly; Path=/
      Cf-Ray:
      - 97b6bc232a47fc99-KIX
    body:
      encoding: ASCII-8BIT
      string: '{"code":422,"msg":"instrumental cannot be null","data":null}'
  recorded_at: Sun, 07 Sep 2025 14:00:54 GMT
- request:
    method: post
    uri: https://api.kie.ai/api/v1/generate
    body:
      encoding: UTF-8
      string: '{"prompt":"Relaxing lo-fi hip hop beat with soft piano","model":"V3_5","wait_audio":false,"customMode":false,"instrumental":false,"callBackUrl":"https://lofi-bgm-not-exist-server.com/callback"}'
    headers:
      Authorization:
      - Bearer <KIE_AI_API_KEY>
      Content-Type:
      - application/json
      Accept:
      - application/json
      Accept-Encoding:
      - gzip;q=1.0,deflate;q=0.6,identity;q=0.3
      User-Agent:
      - Ruby
  response:
    status:
      code: 200
      message: OK
    headers:
      Date:
      - Sun, 07 Sep 2025 14:02:39 GMT
      Content-Type:
      - application/json;charset=UTF-8
      Transfer-Encoding:
      - chunked
      Connection:
      - keep-alive
      Server:
      - cloudflare
      Nel:
      - '{"report_to":"cf-nel","success_fraction":0.0,"max_age":604800}'
      Cf-Cache-Status:
      - DYNAMIC
      Report-To:
      - '{"group":"cf-nel","max_age":604800,"endpoints":[{"url":"https://a.nel.cloudflare.com/report/v4?s=7CMBzYKbXu%2FFn7%2FOGyKxAPEpUb2dgF79kLgaUgrW9tPBIqDlWwqnHbvsMN%2FMP1Z50TCrtpUIrmsd8AIGWgO6yJrVC%2FQ%2BXq0uHQ%3D%3D"}]}'
      Set-Cookie:
      - JSESSIONID=911F580A11D0614F422D92067F442D2C; HttpOnly; Path=/
      Cf-Ray:
      - 97b6bebb79462ebf-LAX
    body:
      encoding: ASCII-8BIT
      string: '{"code":200,"msg":"success","data":{"taskId":"87fe2c4054ebbff558a017e5fabf73fc"}}'
  recorded_at: Sun, 07 Sep 2025 14:02:40 GMT
- request:
    method: post
    uri: https://api.kie.ai/api/v1/generate
    body:
      encoding: UTF-8
      string: '{"prompt":"Relaxing lo-fi hip hop beat with soft piano","model":"V4_5PLUS","wait_audio":false,"customMode":false,"instrumental":true,"callBackUrl":"https://lofi-bgm-not-exist-server.com/callback"}'
    headers:
      Authorization:
      - Bearer <KIE_AI_API_KEY>
      Content-Type:
      - application/json
      Accept:
      - application/json
      Accept-Encoding:
      - gzip;q=1.0,deflate;q=0.6,identity;q=0.3
      User-Agent:
      - Ruby
  response:
    status:
      code: 200
      message: OK
    headers:
      Date:
      - Mon, 08 Sep 2025 01:07:59 GMT
      Content-Type:
      - application/json;charset=utf-8
      Transfer-Encoding:
      - chunked
      Connection:
      - keep-alive
      Server:
      - cloudflare
      Nel:
      - '{"report_to":"cf-nel","success_fraction":0.0,"max_age":604800}'
      Access-Control-Allow-Credentials:
      - 'true'
      Access-Control-Allow-Origin:
      - "*"
      Vary:
      - Access-Control-Request-Headers
      Cf-Cache-Status:
      - DYNAMIC
      Report-To:
      - '{"group":"cf-nel","max_age":604800,"endpoints":[{"url":"https://a.nel.cloudflare.com/report/v4?s=8h5vxsDZPJxzPd14f6kU8v%2F0JDOmiBHdpzm5jfYs2%2BKaLQ1LrUyOpbe344yaC9iv%2BMw9GqBw3vNquxNMooyUe4GEIitFlv10pQ%3D%3D"}]}'
      Set-Cookie:
      - JSESSIONID=057D3BCCA8D900542B914004A55557EE; HttpOnly; Path=/
      Cf-Ray:
      - 97ba8d577e7ffcb0-KIX
    body:
      encoding: ASCII-8BIT
      string: '{"code":200,"msg":"success","data":{"taskId":"87fe2c4054ebbff558a017e5fabf73fd"}}'
  recorded_at: Mon, 08 Sep 2025 01:08:01 GMT
recorded_with: VCR 6.3.1
